../SHT3x/sht3x.c:93:1:sht3x_init	16	static
../SHT3x/sht3x.c:119:1:sht3x_deinit	16	static
../SHT3x/sht3x.c:139:1:sht3x_reset	24	static
../SHT3x/sht3x.c:163:1:sht3x_set_addr	16	static
../SHT3x/sht3x.c:179:1:sht3x_set_repeatability	16	static
../SHT3x/sht3x.c:195:1:sht3x_set_frequency	16	static
../SHT3x/sht3x.c:210:1:sht3x_start_single_shot	32	static
../SHT3x/sht3x.c:237:1:sht3x_start_periodic	24	static
../SHT3x/sht3x.c:261:1:sht3x_stop_periodic	24	static
../SHT3x/sht3x.c:285:1:sht3x_read_data	24	static
../SHT3x/sht3x.c:328:1:sht3x_is_data_ready	24	static
../SHT3x/sht3x.c:365:1:sht3x_read_status	24	static
../SHT3x/sht3x.c:398:1:sht3x_clear_status	16	static
../SHT3x/sht3x.c:412:1:sht3x_enable_heater	16	static
../SHT3x/sht3x.c:426:1:sht3x_disable_heater	16	static
../SHT3x/sht3x.c:441:1:prv_write_command	32	static
../SHT3x/sht3x.c:458:1:prv_read_data_raw	32	static
../SHT3x/sht3x.c:469:1:prv_calculate_crc	32	static
../SHT3x/sht3x.c:494:1:prv_verify_crc	24	static
../SHT3x/sht3x.c:505:1:prv_convert_raw_data	24	static
../SHT3x/sht3x.c:533:1:prv_get_single_shot_command	16	static
../SHT3x/sht3x.c:566:1:prv_get_periodic_command	16	static
../SHT3x/sht3x.c:634:1:prv_get_measurement_delay	16	static
